// Vitest Snapshot v1, https://vitest.dev/guide/snapshot.html

exports[`Home > Home component snapshot test 1`] = `
<DocumentFragment>
  <div>
    <h2>
      This is home component
    </h2>
    <p
      data-testid="para"
    >
      This is the paragraph in home page
    </p>
    <div>
      <div>
        Hello, Guest!
      </div>
      <div>
        Gender: NA
      </div>
    </div>
  </div>
</DocumentFragment>
`;
